// Jest Snapshot v1, https://goo.gl/fbAQLP

exports[`Icon component when created shows svg class "s8" and path "/path/to/icons.svg#check-circle" 1`] = `
<svg data-testid="check-circle-icon" aria-hidden="true" class="gl-icon s8">
  <use href="/path/to/icons.svg#check-circle"></use>
</svg>
`;
