// Jest Snapshot v1, https://goo.gl/fbAQLP

exports[`Clear Icon Button renders successfully 1`] = `
<button
  aria-label="Clear"
  class="gl-clear-icon-button"
  name="clear"
  title="Tooltip Text"
  type="button"
>
  <gl-icon-stub
    name="clear"
    size="16"
  />
</button>
`;
